p/1-12cylo.dat
p/1-16chrd.dat
p/1-16cyli.dat
p/1-16cylo.dat
p/1-16edge.dat
p/1-16ndis.dat
p/1-16tang.dat
p/1-16tndis.dat
p/1-24chrd.dat
p/1-24cylo.dat
p/1-4aring.dat
p/1-4chrd.dat
p/1-4con18.dat
p/1-4con19.dat
p/1-4con3.dat
p/1-4con31.dat
p/1-4cylc.dat
p/1-4cyli.dat
p/1-4cylo.dat
p/1-4cyls.dat
p/1-4cyls2.dat
p/1-4disc.dat
p/1-4edge.dat
p/1-4ndis.dat
p/1-4rin12.dat
p/1-4ring1.dat
p/1-4ring2.dat
p/1-4ring3.dat
p/1-4ring4.dat
p/1-4ring5.dat
p/1-4ring6.dat
p/1-4ring7.dat
p/1-4ring8.dat
p/1-4ring9.dat
p/1-4stud4.dat
p/1-4tang.dat
p/1-8chrd.dat
p/1-8cyli.dat
p/1-8cylo.dat
p/1-8cyls.dat
p/1-8cyls2.dat
p/1-8edge.dat
p/1-8ndis.dat
p/1-8rin10.dat
p/1-8ring1.dat
p/1-8ring11.dat
p/1-8ring12.dat
p/1-8ring18.dat
p/1-8ring19.dat
p/1-8ring2.dat
p/1-8ring27.dat
p/1-8ring3.dat
p/1-8ring4.dat
p/1-8ring6.dat
p/1-8ring7.dat
p/1-8ring8.dat
p/1-8ring9.dat
p/1-8sphe.dat
p/1-8stud4.dat
p/1-8tang.dat
p/1-8tndis.dat
p/2-4chrd.dat
p/2-4con5.dat
p/2-4cylc.dat
p/2-4cyli.dat
p/2-4cylj1x1e.dat
p/2-4cylo.dat
p/2-4cyls.dat
p/2-4disc.dat
p/2-4edge.dat
p/2-4ering.dat
p/2-4ndis.dat
p/2-4rin16.dat
p/2-4ring1.dat
p/2-4ring2.dat
p/2-4ring3.dat
p/2-4ring4.dat
p/2-4ring8.dat
p/2-4ring9.dat
p/2-4stud4.dat
p/2-8sphe.dat
p/3-16chrd.dat
p/3-16cyli.dat
p/3-16cylo.dat
p/3-16cyls.dat
p/3-16cys2.dat
p/3-16disc.dat
p/3-16edge.dat
p/3-16ndis.dat
p/3-16rin2.dat
p/3-16rin3.dat
p/3-16rin4.dat
p/3-16ring3.dat
p/3-16ring7.dat
p/3-16stud4.dat
p/3-16tang.dat
p/3-16tndis.dat
p/3-4chrd.dat
p/3-4cylc.dat
p/3-4cyli.dat
p/3-4cylo.dat
p/3-4disc.dat
p/3-4edge.dat
p/3-4ndis.dat
p/3-4ring1.dat
p/3-4ring2.dat
p/3-4ring4.dat
p/3-4ring8.dat
p/3-4ring9.dat
p/3-8chrd.dat
p/3-8cyli.dat
p/3-8cylo.dat
p/3-8edge.dat
p/3-8rin12.dat
p/3-8ring2.dat
p/3-8ring3.dat
p/3-8ring6.dat
p/4-4aring.dat
p/4-4con0.dat
p/4-4con1.dat
p/4-4con13.dat
p/4-4con16.dat
p/4-4con2.dat
p/4-4con24.dat
p/4-4con3.dat
p/4-4con4.dat
p/4-4con43.dat
p/4-4con5.dat
p/4-4con6.dat
p/4-4con7.dat
p/4-4con8.dat
p/4-4crh2.dat
p/4-4cyl1sph2.dat
p/4-4cylc.dat
p/4-4cyli.dat
p/4-4cylo.dat
p/4-4cyls.dat
p/4-4cylse.dat
p/4-4disc.dat
p/4-4edge.dat
p/4-4ering.dat
p/4-4ndis.dat
p/4-4rin10.dat
p/4-4rin12.dat
p/4-4rin15.dat
p/4-4ring1.dat
p/4-4ring10.dat
p/4-4ring2.dat
p/4-4ring21.dat
p/4-4ring3.dat
p/4-4ring4.dat
p/4-4ring5.dat
p/4-4ring6.dat
p/4-4ring7.dat
p/4-4ring8.dat
p/4-4ring9.dat
p/4-8sphe.dat
p/48/1-12cyli.dat
p/48/1-12cylo.dat
p/48/1-12edge.dat
p/48/1-16chrd.dat
p/48/1-16cyli.dat
p/48/1-16cylo.dat
p/48/1-16edge.dat
p/48/1-16tang.dat
p/48/1-24chrd.dat
p/48/1-24cyli.dat
p/48/1-24cylo.dat
p/48/1-24edge.dat
p/48/1-48cyli.dat
p/48/1-48cylo.dat
p/48/1-48edge.dat
p/48/1-48rin9.dat
p/48/1-48ring9.dat
p/48/1-4aring.dat
p/48/1-4chrd.dat
p/48/1-4cyli.dat
p/48/1-4cylo.dat
p/48/1-4edge.dat
p/48/1-4rin18.dat
p/48/1-4ring8.dat
p/48/1-4ring9.dat
p/48/1-8chrd.dat
p/48/1-8cyli.dat
p/48/1-8cylo.dat
p/48/1-8disc.dat
p/48/1-8edge.dat
p/48/1-8ring1.dat
p/48/1-8ring19.dat
p/48/1-8ring4.dat
p/48/1-8ring8.dat
p/48/2-4cyli.dat
p/48/2-4edge.dat
p/48/4-4aring.dat
p/48/4-4con1.dat
p/48/4-4con12.dat
p/48/4-4con2.dat
p/48/4-4con9.dat
p/48/4-4crh2.dat
p/48/4-4cyli.dat
p/48/4-4edge.dat
p/48/4-4rin13.dat
p/48/4-4rin14.dat
p/48/4-4rin22.dat
p/48/4-4ring4.dat
p/48/4-4ring9.dat
p/48/5-24cyli.dat
p/48/5-24edge.dat
p/48/7-48cyli.dat
p/48/7-48cylo.dat
p/48/7-48edge.dat
p/48/7-48ndis.dat
p/48/tm06i0400.dat
p/48/tm06o0400.dat
p/48/tm08q1125.dat
p/48/tm08q2375.dat
p/5-16cyli.dat
p/5-16cylo.dat
p/5-16disc.dat
p/5-16edge.dat
p/5-8cyli.dat
p/5-8cylo.dat
p/5-8edge.dat
p/7-16cyli.dat
p/7-16disc.dat
p/7-16edge.dat
p/7-16ndis.dat
p/8-8sphe.dat
p/8/1-4cyli.dat
p/8/1-4cylo.dat
p/8/1-4edge.dat
p/8/1-4ndis.dat
p/8/2-4chrd.dat
p/8/2-4cyli.dat
p/8/2-4cylo.dat
p/8/2-4edge.dat
p/8/2-4ndis.dat
p/8/3-8chrd.dat
p/8/3-8cyli.dat
p/8/3-8cylo.dat
p/8/3-8edge.dat
p/axl2ho10.dat
p/axl2hol2.dat
p/axl2hol3.dat
p/axl2hol8.dat
p/axl2hol9.dat
p/axl2hole.dat
p/axl3ho10.dat
p/axl3hol2.dat
p/axl3hol3.dat
p/axl3hol8.dat
p/axl3hol9.dat
p/axl3hole.dat
p/axl5end.dat
p/axl5ho10.dat
p/axl5hol8.dat
p/axl5hol9.dat
p/axle.dat
p/axleend.dat
p/axleend2.dat
p/axleho10.dat
p/axlehol2.dat
p/axlehol3.dat
p/axlehol4.dat
p/axlehol5.dat
p/axlehol6.dat
p/axlehol8.dat
p/axlehol9.dat
p/axlehole.dat
p/beamhol2.dat
p/beamhole.dat
p/box0.dat
p/box2-11.dat
p/box2-5.dat
p/box2-7.dat
p/box2-9.dat
p/box2-9p.dat
p/box3-3.dat
p/box3-5a.dat
p/box3-7a.dat
p/box3u10p.dat
p/box3u2p.dat
p/box3u4a.dat
p/box3u5p.dat
p/box3u6.dat
p/box3u6a.dat
p/box3u7a.dat
p/box3u8p.dat
p/box4-1.dat
p/box4-2p.dat
p/box4-4a.dat
p/box4-5a.dat
p/box4-7a.dat
p/box4.dat
p/box4o4a.dat
p/box4o8a.dat
p/box4t.dat
p/box5-1.dat
p/box5-4a.dat
p/box5.dat
p/boxjcyl4.dat
p/bump5000.dat
p/bush.dat
p/bush0.dat
p/bush1.dat
p/clh10.dat
p/clh6.dat
p/clip13.dat
p/confric3.dat
p/confric4.dat
p/confric5.dat
p/confric6.dat
p/confric8.dat
p/confric9.dat
p/confricrib1.dat
p/confricrib2.dat
p/connect.dat
p/connect2.dat
p/connect3.dat
p/connect4.dat
p/connect7.dat
p/connect8.dat
p/connectcollar5.dat
p/connectring.dat
p/connectslit3.dat
p/connectslit4.dat
p/connhol3.dat
p/connhole.dat
p/cylj4x10.dat
p/cylj4x8.dat
p/empty.dat
p/fric.dat
p/hipstud.dat
p/joint8ball.dat
p/npeghol2.dat
p/npeghol20.dat
p/npeghol3.dat
p/npeghol4.dat
p/npeghol8.dat
p/npeghol9.dat
p/npeghole.dat
p/peghole.dat
p/peghole2.dat
p/peghole3.dat
p/peghole5.dat
p/r04o1000.dat
p/r04o1500.dat
p/rect.dat
p/rect1.dat
p/rect2a.dat
p/rect2p.dat
p/rect3.dat
p/recte3.dat
p/recte4.dat
p/ring2.dat
p/ring3.dat
p/stud.dat
p/stud10.dat
p/stud16.dat
p/stud16a.dat
p/stud18a.dat
p/stud2.dat
p/stud2a.dat
p/stud2s.dat
p/stud2s2e.dat
p/stud3.dat
p/stud3a.dat
p/stud4.dat
p/stud4a.dat
p/stud4h.dat
p/stud4o.dat
p/stud4od.dat
p/stud4s.dat
p/stud6a.dat
p/studa.dat
p/studx.dat
p/stug-1x2.dat
p/stug-1x3.dat
p/stug-1x4.dat
p/stug-1x5.dat
p/stug-1x6.dat
p/stug-1x7.dat
p/stug-1x8.dat
p/stug-2x1.dat
p/stug-2x2.dat
p/stug-3x3.dat
p/stug-4x4.dat
p/stug10-2x2.dat
p/stug2-1x2.dat
p/stug2-1x4.dat
p/stug2-2x2.dat
p/stug2-4x1.dat
p/stug3-1x2.dat
p/stug3-1x3.dat
p/stug3-1x4.dat
p/stug3-1x7.dat
p/stug4-1x2.dat
p/stug4-1x3.dat
p/stug4-1x4.dat
p/stug4-1x5.dat
p/stug4-1x6.dat
p/stug4-2x2.dat
p/stug4-4x4.dat
p/stug4-5x5.dat
p/t01o2500.dat
p/t01o4000.dat
p/t02i2258.dat
p/t02o2000.dat
p/t04i0625.dat
p/t04i1304.dat
p/t04i2258.dat
p/t04i2500.dat
p/t04o0625.dat
p/t04o1304.dat
p/t04o2000.dat
p/t04o6250.dat
p/t04q3750.dat
p/t04q4000.dat
p/t04q5000.dat
p/t08o6250.dat
p/t08q3333.dat
p/t08q4000.dat
p/t16o1429.dat
p/t16o6250.dat
p/toothb12.dat
p/toothr.dat
p/tri3.dat
p/tri3u1.dat
p/triangle.dat
parts/10187.dat
parts/10202.dat
parts/11212.dat
parts/11213.dat
parts/11214.dat
parts/11477.dat
parts/11954.dat
parts/14719.dat
parts/14769.dat
parts/14769p83.dat
parts/15068.dat
parts/15070.dat
parts/15279.dat
parts/15395.dat
parts/15462.dat
parts/15469.dat
parts/15535.dat
parts/15571.dat
parts/15573.dat
parts/15706.dat
parts/15712.dat
parts/16577.dat
parts/1750.dat
parts/18654.dat
parts/18674.dat
parts/18980.dat
parts/19119.dat
parts/208.dat
parts/209.dat
parts/2142.dat
parts/22388.dat
parts/22484.dat
parts/22667.dat
parts/22885.dat
parts/2357.dat
parts/2391.dat
parts/2393.dat
parts/23948.dat
parts/24093.dat
parts/2417.dat
parts/2420.dat
parts/2431.dat
parts/24316.dat
parts/24324.dat
parts/2447b.dat
parts/2477.dat
parts/24866.dat
parts/25214.dat
parts/25269.dat
parts/2540.dat
parts/26287.dat
parts/2630k01.dat
parts/2653.dat
parts/2654.dat
parts/2780.dat
parts/28192.dat
parts/29111.dat
parts/3001.dat
parts/3002.dat
parts/3003.dat
parts/3004.dat
parts/30043.dat
parts/3005.dat
parts/3008.dat
parts/30089b.dat
parts/3009.dat
parts/30093.dat
parts/30099.dat
parts/3010.dat
parts/30124b.dat
parts/30162.dat
parts/3020.dat
parts/3021.dat
parts/3022.dat
parts/3023.dat
parts/3023b.dat
parts/3028.dat
parts/3030.dat
parts/3031.dat
parts/3032.dat
parts/3033.dat
parts/30340.dat
parts/3035.dat
parts/3036.dat
parts/30363.dat
parts/30367c.dat
parts/3037.dat
parts/30374.dat
parts/30381.dat
parts/3039.dat
parts/3040b.dat
parts/3045.dat
parts/3046.dat
parts/30526.dat
parts/30592.dat
parts/3062b.dat
parts/3065.dat
parts/3068b.dat
parts/3069b.dat
parts/3172.dat
parts/32000.dat
parts/32002.dat
parts/32009.dat
parts/32013.dat
parts/32015.dat
parts/32016.dat
parts/32017.dat
parts/32028.dat
parts/32039.dat
parts/32054.dat
parts/32062.dat
parts/32064c.dat
parts/32073.dat
parts/32123a.dat
parts/32140.dat
parts/32184.dat
parts/32249.dat
parts/32269.dat
parts/32270.dat
parts/32271.dat
parts/32278.dat
parts/32291.dat
parts/32316.dat
parts/32348.dat
parts/32474.dat
parts/32523.dat
parts/32524.dat
parts/32525.dat
parts/32526.dat
parts/32531.dat
parts/32555.dat
parts/32556b.dat
parts/32607.dat
parts/32828.dat
parts/32952.dat
parts/3298.dat
parts/33183.dat
parts/33320.dat
parts/33909.dat
parts/3456.dat
parts/3460.dat
parts/35470.dat
parts/35480.dat
parts/3565.dat
parts/3573.dat
parts/3622.dat
parts/3623.dat
parts/3626cp7k.dat
parts/3626cp8r.dat
parts/3626cpb1567.dat
parts/3633.dat
parts/3665.dat
parts/3665a.dat
parts/3666.dat
parts/3673.dat
parts/3675.dat
parts/3700.dat
parts/3705.dat
parts/3706.dat
parts/3710.dat
parts/3713.dat
parts/3738.dat
parts/3743.dat
parts/3749.dat
parts/37695.dat
parts/3795.dat
parts/3815b.dat
parts/3815tex.dat
parts/3816c.dat
parts/3816tex.dat
parts/3817c.dat
parts/3817tex.dat
parts/3818.dat
parts/3819.dat
parts/3820.dat
parts/3832.dat
parts/3837.dat
parts/38648c01.dat
parts/3895.dat
parts/39262.dat
parts/3941.dat
parts/3942c.dat
parts/39790.dat
parts/39793.dat
parts/39794.dat
parts/4032a.dat
parts/4042.dat
parts/40490.dat
parts/4079.dat
parts/41677.dat
parts/41740.dat
parts/41835.dat
parts/42003.dat
parts/4286.dat
parts/4304.dat
parts/43045.dat
parts/43056.dat
parts/43093.dat
parts/43857.dat
parts/43898.dat
parts/44567b.dat
parts/4477.dat
parts/4510.dat
parts/4519.dat
parts/46372.dat
parts/4697b.dat
parts/4733.dat
parts/4740.dat
parts/47847.dat
parts/4865b.dat
parts/48729b.dat
parts/48989.dat
parts/49307.dat
parts/49309.dat
parts/49668.dat
parts/50450.dat
parts/5058.dat
parts/5151.dat
parts/5264.dat
parts/53118.dat
parts/53451.dat
parts/54200.dat
parts/5489.dat
parts/572a.dat
parts/57539k01.dat
parts/57539k02.dat
parts/57585.dat
parts/57906.dat
parts/5903.dat
parts/5904.dat
parts/5907.dat
parts/59443.dat
parts/59900.dat
parts/60474.dat
parts/60479.dat
parts/60483.dat
parts/60484.dat
parts/60592.dat
parts/60601.dat
parts/6111.dat
parts/6112.dat
parts/61408.dat
parts/6141.dat
parts/61485.dat
parts/61506.dat
parts/6190.dat
parts/6222.dat
parts/62462.dat
parts/63864.dat
parts/63869.dat
parts/63965.dat
parts/64179.dat
parts/64644.dat
parts/64782.dat
parts/65249.dat
parts/6541.dat
parts/65509.dat
parts/6553.dat
parts/6558.dat
parts/6575.dat
parts/65826.dat
parts/6628.dat
parts/6629.dat
parts/6636.dat
parts/68211.dat
parts/68568.dat
parts/6908.dat
parts/71709.dat
parts/7302.dat
parts/73200b-f1.dat
parts/73230.dat
parts/7324.dat
parts/73507.dat
parts/74611.dat
parts/77845.dat
parts/77850.dat
parts/78258.dat
parts/78329.dat
parts/80015.dat
parts/80431.dat
parts/80477.dat
parts/80497.dat
parts/85861.dat
parts/85943.dat
parts/85984.dat
parts/87079.dat
parts/87580.dat
parts/87618.dat
parts/87994.dat
parts/88072.dat
parts/89678.dat
parts/91988.dat
parts/973tex.dat
parts/98138.dat
parts/98284.dat
parts/99781.dat
parts/bl_24855.dat
parts/bl_2514.dat
parts/bl_3626pb3515.dat
parts/bl_5256.dat
parts/bl_7905.dat
parts/bl_80674.dat
parts/bl_970c00pb1581_hip.dat
parts/bl_970c00pb1581_lleg.dat
parts/bl_970c00pb1581_rleg.dat
parts/bl_973pb4947.dat
parts/bl_973pb4947c01.dat
parts/bl_973pb5956c02.dat
parts/bl_973pb5956c02_3814_0.dat
parts/bl_973pb6136c01.dat
parts/bl_973pb6136c01_3814_0.dat
parts/bl_973pb6345c01.dat
parts/bl_973pb6345c01_3814_0.dat
parts/s/10187s01.dat
parts/s/11213s01.dat
parts/s/11477s01.dat
parts/s/14719s01.dat
parts/s/14769s01.dat
parts/s/15068s01.dat
parts/s/15279s01.dat
parts/s/15469s01.dat
parts/s/15535s01.dat
parts/s/15535s02.dat
parts/s/15706s01.dat
parts/s/1750s01.dat
parts/s/22888s01.dat
parts/s/22888s02.dat
parts/s/24093s01.dat
parts/s/2431s01.dat
parts/s/24324s01.dat
parts/s/2447bs01.dat
parts/s/2447bs02.dat
parts/s/24866s01.dat
parts/s/25269s01.dat
parts/s/28192s01.dat
parts/s/29111s01.dat
parts/s/3001s01.dat
parts/s/3002s01.dat
parts/s/3008s01.dat
parts/s/3009s01.dat
parts/s/3010s01.dat
parts/s/30124bs01.dat
parts/s/30124bs02.dat
parts/s/30124bs03.dat
parts/s/30124bs04.dat
parts/s/30124bs05.dat
parts/s/3023bs01.dat
parts/s/30340s01.dat
parts/s/30340s02.dat
parts/s/30363s01.dat
parts/s/30367cs01.dat
parts/s/30367s01.dat
parts/s/3037s01.dat
parts/s/3039s01.dat
parts/s/3040s01.dat
parts/s/3068bs01.dat
parts/s/3069bs01.dat
parts/s/32013s01.dat
parts/s/32039s01.dat
parts/s/32064s01.dat
parts/s/32474s01.dat
parts/s/32523s01.dat
parts/s/32555s01.dat
parts/s/32555s02.dat
parts/s/32556s01.dat
parts/s/3298s01.dat
parts/s/33299s01.dat
parts/s/33320s01.dat
parts/s/35470s01.dat
parts/s/3565s01.dat
parts/s/3622s01.dat
parts/s/3623s01.dat
parts/s/3626cs01.dat
parts/s/3626cs02.dat
parts/s/3665as01.dat
parts/s/37695s01.dat
parts/s/3815bs01.dat
parts/s/3817cs01.dat
parts/s/3817cs02.dat
parts/s/3817cs03.dat
parts/s/3818s01.dat
parts/s/3818s02.dat
parts/s/3818s03.dat
parts/s/3818s04.dat
parts/s/3941s01.dat
parts/s/41835s01.dat
parts/s/41835s02.dat
parts/s/41835s03.dat
parts/s/4286s01.dat
parts/s/43898s01.dat
parts/s/4697bs01.dat
parts/s/4740s01.dat
parts/s/4865bs01.dat
parts/s/49668s01.dat
parts/s/53451s01.dat
parts/s/5489s01.dat
parts/s/5489s02.dat
parts/s/5489s03.dat
parts/s/57906s01.dat
parts/s/5903s01.dat
parts/s/5903s02.dat
parts/s/5904s01.dat
parts/s/60474s01.dat
parts/s/60601s01.dat
parts/s/61506s01.dat
parts/s/63864s01.dat
parts/s/64179s01.dat
parts/s/6636s01.dat
parts/s/6881s01.dat
parts/s/7302s01.dat
parts/s/7324s01.dat
parts/s/77850s01.dat
parts/s/80015s01.dat
parts/s/80497s01.dat
parts/s/85984s01.dat
parts/s/87079s01.dat
parts/s/98138s01.dat
parts/s/98138s02.dat
parts/s/bl_3626pb3515_0.dat
parts/s/bl_3626pb3515_1.dat
parts/s/bl_3626pb3515_2.dat
parts/s/bl_973pb5956c02_3814_0_0.dat
parts/s/bl_973pb5956c02_3814_0_1.dat
parts/s/bl_973pb5956c02_3814_0_2.dat
parts/s/bl_973pb6136c01_3814_0_0.dat
parts/s/bl_973pb6136c01_3814_0_1.dat
parts/s/bl_973pb6136c01_3814_0_2.dat
parts/s/bl_973pb6345c01_3814_0_0.dat
parts/s/bl_973pb6345c01_3814_0_1.dat
parts/s/bl_973pb6345c01_3814_0_2.dat
